// Jest Snapshot v1, https://goo.gl/fbAQLP

exports[`render about component render about properly 1`] = `ShallowWrapper {}`;
