// Jest Snapshot v1, https://goo.gl/fbAQLP

exports[`render covidInfoMain render covidinfo correctly 1`] = `ShallowWrapper {}`;
