// Jest Snapshot v1, https://goo.gl/fbAQLP

exports[`renders home component renders correctly 1`] = `ShallowWrapper {}`;
