// Jest Snapshot v1, https://goo.gl/fbAQLP

exports[`renders intro component renders intro correctly 1`] = `ShallowWrapper {}`;
