// Jest Snapshot v1, https://goo.gl/fbAQLP

exports[`Rendering Header Component renders correctly 1`] = `ShallowWrapper {}`;
